Godot Engine v4.6.3.stable.official.7d41c59c4 - https://godotengine.org
WARNING: Could not set V-Sync mode, as changing V-Sync mode is not supported by the graphics driver.
     at: set_use_vsync (platform/linuxbsd/x11/gl_manager_x11.cpp:364)
OpenGL API 4.5 (Core Profile) Mesa 26.0.8-1ubuntu0.3 - Compatibility - Using Device: Mesa - llvmpipe (LLVM 21.1.8, 256 bits)

WARNING: Screen-space AA is only available when using the Forward+ or Mobile renderer.
     at: viewport_set_screen_space_aa (servers/rendering/renderer_viewport.cpp:1400)
WARNING: Volumetric fog is only available when using the Forward+ renderer.
     at: environment_set_volumetric_fog (servers/rendering/storage/environment_storage.cpp:458)
[EventBus] online - signals registered
[Settings] no settings.cfg yet, defaults used
[Perf] platform_detected:Linux
[Mobile] runtime ready screen:(720, 1280) safe-area:[P: (0.0, 32.0), S: (0.0, 48.0)]
[AssetLoader] manifest loaded: 6 models, 13 materials, 175 textures, 0 audio
[Audio] manager ready (muted:false)
[Progress] no save file (first run) - starting fresh
[Kart] Holographic garage ready: five modes, twelve worlds, free steering
[Perf] quality_profile:high
[KartPremiumMenu] LAYOUT (1200, 896) left=424.533325195312 continue_visible=true last_mode_visible=true footer=[P: (1001.0, 856.0), S: (256.0, 76.8)] fifth=[P: (23.0, 636.0), S: (424.0, 81.06667)] clip=[P: (23.0, 300.0), S: (424.0, 543.0)]
[KartPremiumMenu] SCREENSHOT res://exports/premium-menu/start-1200x896.png  (1200, 896)
[KartPremiumMenu] LAYOUT (1280, 720) left=398.0 continue_visible=true last_mode_visible=true footer=[P: (1023.0, 631.0), S: (240.0, 72.0)] fifth=[P: (17.0, 490.0), S: (398.0, 50.0)] clip=[P: (17.0, 278.0), S: (398.0, 341.0)]
[KartPremiumMenu] SCREENSHOT res://exports/premium-menu/start-1280x720.png  (1280, 720)
[KartPremiumMenu] LAYOUT (640, 360) left=350.0 continue_visible=true last_mode_visible=true footer=[P: (327.0, 615.0), S: (296.0, 88.0)] fifth=[P: (17.0, 534.0), S: (350.0, 56.0)] clip=[P: (17.0, 298.0), S: (350.0, 311.0)]
[KartPremiumMenu] SCREENSHOT res://exports/premium-menu/start-640x360.png  (640, 360)
[KartPremiumMenu] LAYOUT (690, 829) left=1218.0 continue_visible=true last_mode_visible=false footer=[P: (319.0, 1403.0), S: (445.2174, 103.8841)] fifth=[P: (31.0, 1374.0), S: (1210.0, 140.9855)] clip=[P: (31.0, 802.0), S: (1218.0, 579.0)]
[KartPremiumMenu] SCREENSHOT res://exports/premium-menu/start-690x829.png  (690, 829)
[KartPremiumMenu] PASS: four actual visual sizes; 5 modes; live kart; five steps; gold navigation
WARNING: ObjectDB instances leaked at exit (run with --verbose for details).
   at: cleanup (core/object/object.cpp:2663)
ERROR: 2 resources still in use at exit (run with --verbose for details).
   at: clear (core/io/resource.cpp:810)
ERROR: 1 RID allocations of type 'N17RendererSceneCull8InstanceE' were leaked at exit.
