Godot Engine v4.6.3.stable.official.7d41c59c4 - https://godotengine.org
WARNING: Could not set V-Sync mode, as changing V-Sync mode is not supported by the graphics driver.
     at: set_use_vsync (platform/linuxbsd/x11/gl_manager_x11.cpp:364)
OpenGL API 4.5 (Core Profile) Mesa 26.0.8-1ubuntu0.3 - Compatibility - Using Device: Mesa - llvmpipe (LLVM 21.1.8, 256 bits)

WARNING: Screen-space AA is only available when using the Forward+ or Mobile renderer.
     at: viewport_set_screen_space_aa (servers/rendering/renderer_viewport.cpp:1400)
WARNING: Volumetric fog is only available when using the Forward+ renderer.
     at: environment_set_volumetric_fog (servers/rendering/storage/environment_storage.cpp:458)
[EventBus] online - signals registered
[Settings] no settings.cfg yet, defaults used
[Perf] platform_detected:Linux
[Mobile] runtime ready screen:(720, 1280) safe-area:[P: (0.0, 32.0), S: (0.0, 48.0)]
[AssetLoader] manifest loaded: 6 models, 13 materials, 175 textures, 0 audio
[Audio] manager ready (muted:false)
[Progress] no save file (first run) - starting fresh
[Perf] quality_profile:high
[LumoRig] actual animation=idle duration=3.03333330154419
[LumoRig] actual animation=greeting_wave duration=2.03333330154419
[LumoRig] actual animation=celebrate duration=2.03333330154419
[LumoRig] actual animation=point_portal duration=1.63333332538605
[LumoRig] actual animation=agree_nod duration=1.63333332538605
[LumoRig] actual animation=kart_seated duration=1.03333330154419
[LumoRig] actual animation=kart_steer_left duration=1.03333330154419
[LumoRig] actual animation=kart_steer_right duration=1.03333330154419
[LumoRig] actual animation=kart_jump duration=1.03333330154419
[LumoRig] PASS checks=117 real exported rig and clips; physical Android not tested
