Godot Engine v4.6.3.stable.official.7d41c59c4 - https://godotengine.org
WARNING: Could not set V-Sync mode, as changing V-Sync mode is not supported by the graphics driver.
     at: set_use_vsync (platform/linuxbsd/x11/gl_manager_x11.cpp:364)
OpenGL API 4.5 (Core Profile) Mesa 26.0.8-1ubuntu0.3 - Compatibility - Using Device: Mesa - llvmpipe (LLVM 21.1.8, 256 bits)

WARNING: Screen-space AA is only available when using the Forward+ or Mobile renderer.
     at: viewport_set_screen_space_aa (servers/rendering/renderer_viewport.cpp:1400)
WARNING: Volumetric fog is only available when using the Forward+ renderer.
     at: environment_set_volumetric_fog (servers/rendering/storage/environment_storage.cpp:458)
[EventBus] online - signals registered
[Settings] no settings.cfg yet, defaults used
[Perf] platform_detected:Linux
[Mobile] runtime ready screen:(720, 1280) safe-area:[P: (0.0, 32.0), S: (0.0, 48.0)]
[AssetLoader] manifest loaded: 6 models, 13 materials, 175 textures, 0 audio
[Audio] manager ready (muted:false)
[Progress] no save file (first run) - starting fresh
[Perf] quality_profile:high
[LumoKartAnimation] sample=seated contact_mm=0.44190621702
[LumoKartAnimation] sample=steer-left contact_mm=1.14140345249325
[LumoKartAnimation] sample=steer-right contact_mm=1.14788883365691
[LumoKartAnimation] sample=jump-reaction contact_mm=0.61069789808244
[LumoKartAnimation] sample=hit-reaction contact_mm=1.06605188921094
[LumoKartAnimation] checks=460 worst_hand_contact_mm=1.14788883365691 failures=0
[LumoKartAnimation] PASS isolated real Kart visual and Lumo; not a playable APK update
